
> sgc@0.1.0 build
> next build

Ôû▓ Next.js 16.2.1 (Turbopack)
- Environments: .env.local

node.exe : ÔÜá The "middleware" file convention is deprecated. Please use 
"proxy" instead. Learn more: 
https://nextjs.org/docs/messages/middleware-to-proxy
No linha:1 caractere:1
+ & "C:\Program Files\nodejs/node.exe" "C:\Program Files\nodejs/node_mo ...
+ ~~~~~~~~~~~~~~~~~~~~~~~~~~~~~~~~~~~~~~~~~~~~~~~~~~~~~~~~~~~~~~~~~~~~~
    + CategoryInfo          : NotSpecified: (ÔÜá The "middle...leware-to-proxy 
   :String) [], RemoteException
    + FullyQualifiedErrorId : NativeCommandError
 
  Creating an optimized production build ...
Ô£ô Compiled successfully in 2.4s
  Running TypeScript ...
  Finished TypeScript in 3.3s ...
  Collecting page data using 15 workers ...
  Generating static pages using 15 workers (0/38) ...
  Generating static pages using 15 workers (9/38) 
  Generating static pages using 15 workers (18/38) 
  Generating static pages using 15 workers (28/38) 
Ô£ô Generating static pages using 15 workers (38/38) in 304ms
  Finalizing page optimization ...

Route (app)
Ôöî Ôùï /
Ôö£ Ôùï /_not-found
Ôö£ Ôùï /admin/organizations
Ôö£ ãÆ /admin/organizations/[id]/edit
Ôö£ Ôùï /admin/organizations/new
Ôö£ ãÆ /api/admin/organizations
Ôö£ ãÆ /api/admin/organizations/[id]
Ôö£ ãÆ /api/admin/users
Ôö£ ãÆ /api/admin/users/[id]
Ôö£ ãÆ /api/admin/users/[id]/password
Ôö£ ãÆ /api/appointments
Ôö£ ãÆ /api/appointments/[id]
Ôö£ ãÆ /api/migrations/add-phone-column
Ôö£ ãÆ /api/patients
Ôö£ ãÆ /api/patients/[id]
Ôö£ ãÆ /api/products
Ôö£ ãÆ /api/products/[id]
Ôö£ ãÆ /api/products/expiring
Ôö£ ãÆ /api/sales
Ôö£ ãÆ /api/sales/[id]
Ôö£ ãÆ /api/specialists
Ôö£ ãÆ /api/specialists/[id]
Ôö£ ãÆ /api/suppliers
Ôö£ ãÆ /api/suppliers/[id]
Ôö£ ãÆ /api/user-settings
Ôö£ ãÆ /api/user-settings/dismiss-alert
Ôö£ ãÆ /api/user/organizations
Ôö£ Ôùï /appointments
Ôö£ ãÆ /appointments/[id]/edit
Ôö£ Ôùï /appointments/new
Ôö£ Ôùï /auth/reset-password
Ôö£ Ôùï /dashboard
Ôö£ Ôùï /login
Ôö£ Ôùï /organization-select
Ôö£ Ôùï /patients
Ôö£ ãÆ /patients/[id]/edit
Ôö£ Ôùï /patients/new
Ôö£ Ôùï /products
Ôö£ ãÆ /products/[id]/edit
Ôö£ Ôùï /products/new
Ôö£ Ôùï /sales
Ôö£ ãÆ /sales/[id]
Ôö£ Ôùï /sales/new
Ôö£ Ôùï /settings
Ôö£ Ôùï /setup
Ôö£ Ôùï /specialists
Ôö£ ãÆ /specialists/[id]/edit
Ôö£ Ôùï /specialists/new
Ôö£ Ôùï /suppliers
Ôö£ ãÆ /suppliers/[id]/edit
Ôö£ Ôùï /suppliers/new
Ôö£ Ôùï /users
Ôöö ãÆ /users/[id]/edit


ãÆ Proxy (Middleware)

Ôùï  (Static)   prerendered as static content
ãÆ  (Dynamic)  server-rendered on demand

